// Jest Snapshot v1, https://goo.gl/fbAQLP

exports[`<NavLinks /> should match snapshot 1`] = `
.c0 {
  display: -webkit-box;
  display: -webkit-flex;
  display: -ms-flexbox;
  display: flex;
  -webkit-flex-flow: row wrap;
  -ms-flex-flow: row wrap;
  flex-flow: row wrap;
}

.c1 {
  color: #0A1128;
  font-size: 1.6rem;
  padding: 1.6rem;
  -webkit-text-decoration: none;
  text-decoration: none;
  display: block;
  position: relative;
}

.c1::after {
  content: '';
  position: absolute;
  bottom: 0.76rem;
  width: 0;
  left: 50%;
  height: 0.2rem;
  background: #dc143c;
  -webkit-transition: all 300ms ease-in-out;
  transition: all 300ms ease-in-out;
}

.c1:hover::after {
  width: 50%;
  left: 25%;
}

@media (max-width:768px) {
  .c0 {
    -webkit-flex-flow: column wrap;
    -ms-flex-flow: column wrap;
    flex-flow: column wrap;
    -webkit-align-content: center;
    -ms-flex-line-pack: center;
    align-content: center;
  }
}

<nav
  class="c0"
>
  <a
    class="c1"
    href="#target1"
    target="_self"
  >
    link 1
  </a>
  <a
    class="c1"
    href="#target2"
    target="_self"
  >
    link 2
  </a>
  <a
    class="c1"
    href="#target3"
    target="_self"
  >
    link 3
  </a>
  <a
    class="c1"
    href="#target4"
    target="_self"
  >
    link 4
  </a>
  <a
    class="c1"
    href="#target5"
    target="_self"
  >
    link 5
  </a>
  <a
    class="c1"
    href="#target6"
    target="_self"
  >
    link 6
  </a>
  <a
    class="c1"
    href="#target7"
    target="_self"
  >
    link 7
  </a>
  <a
    class="c1"
    href="#target8"
    target="_self"
  >
    link 8
  </a>
  <a
    class="c1"
    href="#target9"
    target="_self"
  >
    link 9
  </a>
  <a
    class="c1"
    href="#target10"
    target="_self"
  >
    link 10
  </a>
</nav>
`;
